MPLINK 5.09, LINKER
Linker Map File - Created Wed Jun 17 08:55:44 2020

                                 Section Info
                  Section       Type    Address   Location Size(Bytes)
                ---------  ---------  ---------  ---------  ---------
                   .org_0       code   0x000000    program   0x000002
                   .cinit    romdata   0x000001    program   0x000004
                   .org_1       code   0x000004    program   0x00021e
.config_2007_BUILD/DEFAULT/PRODUCTION/TP_FINA       code   0x002007    program   0x000002
.config_2008_BUILD/DEFAULT/PRODUCTION/TP_FINA       code   0x002008    program   0x000002



                              Program Memory Usage 
                               Start         End      
                           ---------   ---------      
                            0x000000    0x000002      
                            0x000004    0x000112      
                            0x002007    0x002008      
            276 out of 8455 program addresses used, program memory utilization is 3%



                              Symbols - Sorted by Name
                     Name    Address   Location    Storage File                     
                ---------  ---------  ---------  --------- ---------                
                   ADCint   0x0000b6    program     static C:\Users\Mauro\Desktop\Digitales II\Ejercicios\TPs.X\TP_Final_V4.asm
                  BCD2Bin   0x0000f8    program     static C:\Users\Mauro\Desktop\Digitales II\Ejercicios\TPs.X\TP_Final_V4.asm
                BCD2Bin_D   0x0000ff    program     static C:\Users\Mauro\Desktop\Digitales II\Ejercicios\TPs.X\TP_Final_V4.asm
                BCD2Bin_U   0x000106    program     static C:\Users\Mauro\Desktop\Digitales II\Ejercicios\TPs.X\TP_Final_V4.asm
                    BCD_0   0x0000d1    program     static C:\Users\Mauro\Desktop\Digitales II\Ejercicios\TPs.X\TP_Final_V4.asm
                    BCD_1   0x0000d5    program     static C:\Users\Mauro\Desktop\Digitales II\Ejercicios\TPs.X\TP_Final_V4.asm
                    BCD_2   0x0000db    program     static C:\Users\Mauro\Desktop\Digitales II\Ejercicios\TPs.X\TP_Final_V4.asm
                  Bin2BCD   0x0000cd    program     static C:\Users\Mauro\Desktop\Digitales II\Ejercicios\TPs.X\TP_Final_V4.asm
               Config_int   0x000031    program     static C:\Users\Mauro\Desktop\Digitales II\Ejercicios\TPs.X\TP_Final_V4.asm
                    Delay   0x0000b1    program     static C:\Users\Mauro\Desktop\Digitales II\Ejercicios\TPs.X\TP_Final_V4.asm
                  Display   0x00004e    program     static C:\Users\Mauro\Desktop\Digitales II\Ejercicios\TPs.X\TP_Final_V4.asm
            Display_valor   0x00006e    program     static C:\Users\Mauro\Desktop\Digitales II\Ejercicios\TPs.X\TP_Final_V4.asm
                      ISR   0x000062    program     static C:\Users\Mauro\Desktop\Digitales II\Ejercicios\TPs.X\TP_Final_V4.asm
                  ISR_End   0x000069    program     static C:\Users\Mauro\Desktop\Digitales II\Ejercicios\TPs.X\TP_Final_V4.asm
                 Init_ang   0x00008b    program     static C:\Users\Mauro\Desktop\Digitales II\Ejercicios\TPs.X\TP_Final_V4.asm
                 Programa   0x000044    program     static C:\Users\Mauro\Desktop\Digitales II\Ejercicios\TPs.X\TP_Final_V4.asm
                   RB0int   0x00007a    program     static C:\Users\Mauro\Desktop\Digitales II\Ejercicios\TPs.X\TP_Final_V4.asm
                    RESET   0x000000    program     static C:\Users\Mauro\Desktop\Digitales II\Ejercicios\TPs.X\TP_Final_V4.asm
                Recepcion   0x0000de    program     static C:\Users\Mauro\Desktop\Digitales II\Ejercicios\TPs.X\TP_Final_V4.asm
                    Ser_1   0x000091    program     static C:\Users\Mauro\Desktop\Digitales II\Ejercicios\TPs.X\TP_Final_V4.asm
                    Ser_2   0x000099    program     static C:\Users\Mauro\Desktop\Digitales II\Ejercicios\TPs.X\TP_Final_V4.asm
                    Ser_3   0x0000a1    program     static C:\Users\Mauro\Desktop\Digitales II\Ejercicios\TPs.X\TP_Final_V4.asm
                    Ser_4   0x0000a9    program     static C:\Users\Mauro\Desktop\Digitales II\Ejercicios\TPs.X\TP_Final_V4.asm
              Transmision   0x00010c    program     static C:\Users\Mauro\Desktop\Digitales II\Ejercicios\TPs.X\TP_Final_V4.asm
             _.org_1_004C   0x00004c    program     static C:\Users\Mauro\Desktop\Digitales II\Ejercicios\TPs.X\TP_Final_V4.asm
             _.org_1_0096   0x000096    program     static C:\Users\Mauro\Desktop\Digitales II\Ejercicios\TPs.X\TP_Final_V4.asm
             _.org_1_009E   0x00009e    program     static C:\Users\Mauro\Desktop\Digitales II\Ejercicios\TPs.X\TP_Final_V4.asm
             _.org_1_00A6   0x0000a6    program     static C:\Users\Mauro\Desktop\Digitales II\Ejercicios\TPs.X\TP_Final_V4.asm
             _.org_1_00AE   0x0000ae    program     static C:\Users\Mauro\Desktop\Digitales II\Ejercicios\TPs.X\TP_Final_V4.asm
             _.org_1_00B4   0x0000b4    program     static C:\Users\Mauro\Desktop\Digitales II\Ejercicios\TPs.X\TP_Final_V4.asm
             _.org_1_00E4   0x0000e4    program     static C:\Users\Mauro\Desktop\Digitales II\Ejercicios\TPs.X\TP_Final_V4.asm
             _.org_1_00EA   0x0000ea    program     static C:\Users\Mauro\Desktop\Digitales II\Ejercicios\TPs.X\TP_Final_V4.asm
             _.org_1_00F0   0x0000f0    program     static C:\Users\Mauro\Desktop\Digitales II\Ejercicios\TPs.X\TP_Final_V4.asm
             _.org_1_0110   0x000110    program     static C:\Users\Mauro\Desktop\Digitales II\Ejercicios\TPs.X\TP_Final_V4.asm
                     main   0x000005    program     static C:\Users\Mauro\Desktop\Digitales II\Ejercicios\TPs.X\TP_Final_V4.asm



                              Symbols - Sorted by Address
                     Name    Address   Location    Storage File                     
                ---------  ---------  ---------  --------- ---------                
                    RESET   0x000000    program     static C:\Users\Mauro\Desktop\Digitales II\Ejercicios\TPs.X\TP_Final_V4.asm
                     main   0x000005    program     static C:\Users\Mauro\Desktop\Digitales II\Ejercicios\TPs.X\TP_Final_V4.asm
               Config_int   0x000031    program     static C:\Users\Mauro\Desktop\Digitales II\Ejercicios\TPs.X\TP_Final_V4.asm
                 Programa   0x000044    program     static C:\Users\Mauro\Desktop\Digitales II\Ejercicios\TPs.X\TP_Final_V4.asm
             _.org_1_004C   0x00004c    program     static C:\Users\Mauro\Desktop\Digitales II\Ejercicios\TPs.X\TP_Final_V4.asm
                  Display   0x00004e    program     static C:\Users\Mauro\Desktop\Digitales II\Ejercicios\TPs.X\TP_Final_V4.asm
                      ISR   0x000062    program     static C:\Users\Mauro\Desktop\Digitales II\Ejercicios\TPs.X\TP_Final_V4.asm
                  ISR_End   0x000069    program     static C:\Users\Mauro\Desktop\Digitales II\Ejercicios\TPs.X\TP_Final_V4.asm
            Display_valor   0x00006e    program     static C:\Users\Mauro\Desktop\Digitales II\Ejercicios\TPs.X\TP_Final_V4.asm
                   RB0int   0x00007a    program     static C:\Users\Mauro\Desktop\Digitales II\Ejercicios\TPs.X\TP_Final_V4.asm
                 Init_ang   0x00008b    program     static C:\Users\Mauro\Desktop\Digitales II\Ejercicios\TPs.X\TP_Final_V4.asm
                    Ser_1   0x000091    program     static C:\Users\Mauro\Desktop\Digitales II\Ejercicios\TPs.X\TP_Final_V4.asm
             _.org_1_0096   0x000096    program     static C:\Users\Mauro\Desktop\Digitales II\Ejercicios\TPs.X\TP_Final_V4.asm
                    Ser_2   0x000099    program     static C:\Users\Mauro\Desktop\Digitales II\Ejercicios\TPs.X\TP_Final_V4.asm
             _.org_1_009E   0x00009e    program     static C:\Users\Mauro\Desktop\Digitales II\Ejercicios\TPs.X\TP_Final_V4.asm
                    Ser_3   0x0000a1    program     static C:\Users\Mauro\Desktop\Digitales II\Ejercicios\TPs.X\TP_Final_V4.asm
             _.org_1_00A6   0x0000a6    program     static C:\Users\Mauro\Desktop\Digitales II\Ejercicios\TPs.X\TP_Final_V4.asm
                    Ser_4   0x0000a9    program     static C:\Users\Mauro\Desktop\Digitales II\Ejercicios\TPs.X\TP_Final_V4.asm
             _.org_1_00AE   0x0000ae    program     static C:\Users\Mauro\Desktop\Digitales II\Ejercicios\TPs.X\TP_Final_V4.asm
                    Delay   0x0000b1    program     static C:\Users\Mauro\Desktop\Digitales II\Ejercicios\TPs.X\TP_Final_V4.asm
             _.org_1_00B4   0x0000b4    program     static C:\Users\Mauro\Desktop\Digitales II\Ejercicios\TPs.X\TP_Final_V4.asm
                   ADCint   0x0000b6    program     static C:\Users\Mauro\Desktop\Digitales II\Ejercicios\TPs.X\TP_Final_V4.asm
                  Bin2BCD   0x0000cd    program     static C:\Users\Mauro\Desktop\Digitales II\Ejercicios\TPs.X\TP_Final_V4.asm
                    BCD_0   0x0000d1    program     static C:\Users\Mauro\Desktop\Digitales II\Ejercicios\TPs.X\TP_Final_V4.asm
                    BCD_1   0x0000d5    program     static C:\Users\Mauro\Desktop\Digitales II\Ejercicios\TPs.X\TP_Final_V4.asm
                    BCD_2   0x0000db    program     static C:\Users\Mauro\Desktop\Digitales II\Ejercicios\TPs.X\TP_Final_V4.asm
                Recepcion   0x0000de    program     static C:\Users\Mauro\Desktop\Digitales II\Ejercicios\TPs.X\TP_Final_V4.asm
             _.org_1_00E4   0x0000e4    program     static C:\Users\Mauro\Desktop\Digitales II\Ejercicios\TPs.X\TP_Final_V4.asm
             _.org_1_00EA   0x0000ea    program     static C:\Users\Mauro\Desktop\Digitales II\Ejercicios\TPs.X\TP_Final_V4.asm
             _.org_1_00F0   0x0000f0    program     static C:\Users\Mauro\Desktop\Digitales II\Ejercicios\TPs.X\TP_Final_V4.asm
                  BCD2Bin   0x0000f8    program     static C:\Users\Mauro\Desktop\Digitales II\Ejercicios\TPs.X\TP_Final_V4.asm
                BCD2Bin_D   0x0000ff    program     static C:\Users\Mauro\Desktop\Digitales II\Ejercicios\TPs.X\TP_Final_V4.asm
                BCD2Bin_U   0x000106    program     static C:\Users\Mauro\Desktop\Digitales II\Ejercicios\TPs.X\TP_Final_V4.asm
              Transmision   0x00010c    program     static C:\Users\Mauro\Desktop\Digitales II\Ejercicios\TPs.X\TP_Final_V4.asm
             _.org_1_0110   0x000110    program     static C:\Users\Mauro\Desktop\Digitales II\Ejercicios\TPs.X\TP_Final_V4.asm


